\BOOKMARK [1][-]{section*.1}{\376\377\000D\000\351\000d\000i\000c\000a\000c\000e}{}% 1
\BOOKMARK [1][-]{section*.2}{\376\377\000R\000e\000m\000e\000r\000c\000i\000e\000m\000e\000n\000t\000s}{}% 2
\BOOKMARK [1][-]{section*.3}{\376\377\000R\000\351\000s\000u\000m\000\351}{}% 3
\BOOKMARK [1][-]{section*.4}{\376\377\000A\000b\000s\000t\000r\000a\000c\000t}{}% 4
\BOOKMARK [1][-]{section*.8}{\376\377\000L\000i\000s\000t\000e\000\040\000d\000e\000s\000\040\000A\000b\000r\000\351\000v\000i\000a\000t\000i\000o\000n\000s\000\040\000e\000t\000\040\000S\000i\000g\000l\000e\000s}{}% 5
\BOOKMARK [1][-]{section*.9}{\376\377\000I\000n\000t\000r\000o\000d\000u\000c\000t\000i\000o\000n\000\040\000G\000\351\000n\000\351\000r\000a\000l\000e}{}% 6
\BOOKMARK [2][-]{section*.10}{\376\377\000C\000o\000n\000t\000e\000x\000t\000e\000\040\000g\000\351\000n\000\351\000r\000a\000l\000\040\000d\000u\000\040\000p\000r\000o\000j\000e\000t}{section*.9}% 7
\BOOKMARK [2][-]{section*.11}{\376\377\000P\000r\000o\000b\000l\000\351\000m\000a\000t\000i\000q\000u\000e}{section*.9}% 8
\BOOKMARK [2][-]{section*.12}{\376\377\000O\000b\000j\000e\000c\000t\000i\000f\000s\000\040\000d\000u\000\040\000p\000r\000o\000j\000e\000t}{section*.9}% 9
\BOOKMARK [2][-]{section*.13}{\376\377\000I\000n\000t\000\351\000r\000\352\000t\000\040\000d\000u\000\040\000p\000r\000o\000j\000e\000t}{section*.9}% 10
\BOOKMARK [2][-]{section*.14}{\376\377\000M\000\351\000t\000h\000o\000d\000o\000l\000o\000g\000i\000e\000\040\000a\000d\000o\000p\000t\000\351\000e}{section*.9}% 11
\BOOKMARK [2][-]{section*.15}{\376\377\000M\000o\000y\000e\000n\000s\000\040\000u\000t\000i\000l\000i\000s\000\351\000s}{section*.9}% 12
\BOOKMARK [1][-]{section.1}{\376\377\000P\000r\000\351\000s\000e\000n\000t\000a\000t\000i\000o\000n\000\040\000d\000u\000\040\000C\000a\000d\000r\000e\000\040\000d\000u\000\040\000P\000r\000o\000j\000e\000t}{}% 13
\BOOKMARK [2][-]{subsection.1.1}{\376\377\000P\000r\000\351\000s\000e\000n\000t\000a\000t\000i\000o\000n\000\040\000d\000e\000\040\000l\000'\000o\000r\000g\000a\000n\000i\000s\000m\000e\000\040\000d\000'\000a\000c\000c\000u\000e\000i\000l}{section.1}% 14
\BOOKMARK [2][-]{subsection.1.2}{\376\377\000C\000o\000n\000t\000e\000x\000t\000e\000\040\000d\000u\000\040\000p\000r\000o\000j\000e\000t}{section.1}% 15
\BOOKMARK [2][-]{subsection.1.3}{\376\377\000\311\000t\000u\000d\000e\000\040\000d\000e\000\040\000l\000'\000e\000x\000i\000s\000t\000a\000n\000t}{section.1}% 16
\BOOKMARK [2][-]{subsection.1.4}{\376\377\000C\000r\000i\000t\000i\000q\000u\000e\000\040\000d\000e\000\040\000l\000'\000e\000x\000i\000s\000t\000a\000n\000t}{section.1}% 17
\BOOKMARK [2][-]{subsection.1.5}{\376\377\000P\000r\000o\000p\000o\000s\000i\000t\000i\000o\000n\000\040\000d\000e\000\040\000s\000o\000l\000u\000t\000i\000o\000n}{section.1}% 18
\BOOKMARK [1][-]{section.2}{\376\377\000A\000n\000a\000l\000y\000s\000e\000\040\000d\000e\000s\000\040\000B\000e\000s\000o\000i\000n\000s\000\040\000e\000t\000\040\000S\000p\000\351\000c\000i\000f\000i\000c\000a\000t\000i\000o\000n\000s}{}% 19
\BOOKMARK [2][-]{subsection.2.1}{\376\377\000R\000e\000c\000u\000e\000i\000l\000\040\000d\000e\000s\000\040\000b\000e\000s\000o\000i\000n\000s}{section.2}% 20
\BOOKMARK [2][-]{subsection.2.2}{\376\377\000I\000d\000e\000n\000t\000i\000f\000i\000c\000a\000t\000i\000o\000n\000\040\000d\000e\000s\000\040\000a\000c\000t\000e\000u\000r\000s}{section.2}% 21
\BOOKMARK [2][-]{subsection.2.3}{\376\377\000B\000e\000s\000o\000i\000n\000s\000\040\000f\000o\000n\000c\000t\000i\000o\000n\000n\000e\000l\000s}{section.2}% 22
\BOOKMARK [2][-]{subsection.2.4}{\376\377\000B\000e\000s\000o\000i\000n\000s\000\040\000n\000o\000n\000\040\000f\000o\000n\000c\000t\000i\000o\000n\000n\000e\000l\000s}{section.2}% 23
\BOOKMARK [2][-]{subsection.2.5}{\376\377\000S\000p\000\351\000c\000i\000f\000i\000c\000a\000t\000i\000o\000n\000s\000\040\000f\000o\000n\000c\000t\000i\000o\000n\000n\000e\000l\000l\000e\000s}{section.2}% 24
\BOOKMARK [2][-]{subsection.2.6}{\376\377\000S\000y\000n\000t\000h\000\350\000s\000e\000\040\000U\000M\000L\000\040\000d\000e\000s\000\040\000s\000c\000\351\000n\000a\000r\000i\000o\000s}{section.2}% 25
\BOOKMARK [2][-]{subsection.2.7}{\376\377\000C\000a\000h\000i\000e\000r\000\040\000d\000e\000s\000\040\000c\000h\000a\000r\000g\000e\000s}{section.2}% 26
\BOOKMARK [1][-]{section.3}{\376\377\000C\000o\000n\000c\000e\000p\000t\000i\000o\000n\000\040\000d\000e\000\040\000l\000a\000\040\000S\000o\000l\000u\000t\000i\000o\000n}{}% 27
\BOOKMARK [2][-]{subsection.3.1}{\376\377\000A\000r\000c\000h\000i\000t\000e\000c\000t\000u\000r\000e\000\040\000g\000\351\000n\000\351\000r\000a\000l\000e}{section.3}% 28
\BOOKMARK [2][-]{subsection.3.2}{\376\377\000C\000h\000o\000i\000x\000\040\000t\000e\000c\000h\000n\000o\000l\000o\000g\000i\000q\000u\000e\000s}{section.3}% 29
\BOOKMARK [2][-]{subsection.3.3}{\376\377\000C\000o\000n\000c\000e\000p\000t\000i\000o\000n\000\040\000f\000o\000n\000c\000t\000i\000o\000n\000n\000e\000l\000l\000e}{section.3}% 30
\BOOKMARK [2][-]{subsection.3.4}{\376\377\000C\000o\000n\000c\000e\000p\000t\000i\000o\000n\000\040\000t\000e\000c\000h\000n\000i\000q\000u\000e}{section.3}% 31
\BOOKMARK [2][-]{subsection.3.5}{\376\377\000M\000o\000d\000\351\000l\000i\000s\000a\000t\000i\000o\000n\000\040\000U\000M\000L}{section.3}% 32
\BOOKMARK [2][-]{subsection.3.6}{\376\377\000C\000o\000n\000c\000e\000p\000t\000i\000o\000n\000\040\000d\000e\000s\000\040\000i\000n\000t\000e\000r\000f\000a\000c\000e\000s}{section.3}% 33
\BOOKMARK [1][-]{section.4}{\376\377\000R\000\351\000a\000l\000i\000s\000a\000t\000i\000o\000n\000\040\000e\000t\000\040\000I\000m\000p\000l\000\351\000m\000e\000n\000t\000a\000t\000i\000o\000n}{}% 34
\BOOKMARK [2][-]{subsection.4.1}{\376\377\000E\000n\000v\000i\000r\000o\000n\000n\000e\000m\000e\000n\000t\000\040\000d\000e\000\040\000d\000\351\000v\000e\000l\000o\000p\000p\000e\000m\000e\000n\000t}{section.4}% 35
\BOOKMARK [2][-]{subsection.4.2}{\376\377\000A\000r\000c\000h\000i\000t\000e\000c\000t\000u\000r\000e\000\040\000r\000\351\000a\000l\000i\000s\000\351\000e}{section.4}% 36
\BOOKMARK [2][-]{subsection.4.3}{\376\377\000I\000m\000p\000l\000\351\000m\000e\000n\000t\000a\000t\000i\000o\000n\000\040\000d\000e\000s\000\040\000f\000o\000n\000c\000t\000i\000o\000n\000n\000a\000l\000i\000t\000\351\000s}{section.4}% 37
\BOOKMARK [2][-]{subsection.4.4}{\376\377\000I\000n\000t\000\351\000g\000r\000a\000t\000i\000o\000n\000\040\000a\000v\000e\000c\000\040\000l\000a\000\040\000b\000a\000s\000e\000\040\000d\000e\000\040\000d\000o\000n\000n\000\351\000e\000s}{section.4}% 38
\BOOKMARK [2][-]{subsection.4.5}{\376\377\000S\000\351\000c\000u\000r\000i\000t\000\351\000\040\000e\000t\000\040\000c\000o\000n\000t\000r\000\364\000l\000e\000\040\000d\000'\000a\000c\000c\000\350\000s}{section.4}% 39
\BOOKMARK [2][-]{subsection.4.6}{\376\377\000P\000l\000a\000n\000\040\000d\000e\000\040\000v\000a\000l\000i\000d\000a\000t\000i\000o\000n\000\040\000e\000t\000\040\000q\000u\000a\000l\000i\000t\000\351}{section.4}% 40
\BOOKMARK [2][-]{subsection.4.7}{\376\377\000P\000r\000\351\000p\000a\000r\000a\000t\000i\000o\000n\000\040\000d\000u\000\040\000d\000\351\000p\000l\000o\000i\000e\000m\000e\000n\000t\000\040\000e\000t\000\040\000e\000x\000p\000l\000o\000i\000t\000a\000t\000i\000o\000n}{section.4}% 41
\BOOKMARK [2][-]{subsection.4.8}{\376\377\000D\000i\000f\000f\000i\000c\000u\000l\000t\000\351\000s\000\040\000r\000e\000n\000c\000o\000n\000t\000r\000\351\000e\000s}{section.4}% 42
\BOOKMARK [1][-]{section*.71}{\376\377\000C\000o\000n\000c\000l\000u\000s\000i\000o\000n\000\040\000G\000\351\000n\000\351\000r\000a\000l\000e}{}% 43
\BOOKMARK [2][-]{section*.72}{\376\377\000B\000i\000l\000a\000n\000\040\000d\000u\000\040\000p\000r\000o\000j\000e\000t}{section*.71}% 44
\BOOKMARK [2][-]{section*.73}{\376\377\000R\000\351\000p\000o\000n\000s\000e\000\040\000\340\000\040\000l\000a\000\040\000p\000r\000o\000b\000l\000\351\000m\000a\000t\000i\000q\000u\000e}{section*.71}% 45
\BOOKMARK [2][-]{section*.74}{\376\377\000O\000b\000j\000e\000c\000t\000i\000f\000s\000\040\000a\000t\000t\000e\000i\000n\000t\000s}{section*.71}% 46
\BOOKMARK [2][-]{section*.75}{\376\377\000L\000i\000m\000i\000t\000e\000s\000\040\000d\000u\000\040\000t\000r\000a\000v\000a\000i\000l\000\040\000r\000\351\000a\000l\000i\000s\000\351}{section*.71}% 47
\BOOKMARK [2][-]{section*.76}{\376\377\000P\000e\000r\000s\000p\000e\000c\000t\000i\000v\000e\000s\000\040\000d\000'\000a\000m\000\351\000l\000i\000o\000r\000a\000t\000i\000o\000n}{section*.71}% 48
\BOOKMARK [2][-]{section*.77}{\376\377\000A\000p\000p\000o\000r\000t\000\040\000p\000e\000r\000s\000o\000n\000n\000e\000l\000\040\000e\000t\000\040\000p\000r\000o\000f\000e\000s\000s\000i\000o\000n\000n\000e\000l}{section*.71}% 49
\BOOKMARK [1][-]{section*.78}{\376\377\000A\000n\000n\000e\000x\000e\000\040\000A\000\040\040\023\000\040\000G\000l\000o\000s\000s\000a\000i\000r\000e\000\040\000T\000e\000c\000h\000n\000i\000q\000u\000e}{}% 50
\BOOKMARK [1][-]{section*.79}{\376\377\000B\000i\000b\000l\000i\000o\000g\000r\000a\000p\000h\000i\000e\000\040\000/\000\040\000W\000e\000b\000o\000g\000r\000a\000p\000h\000i\000e}{}% 51
